Setting up test...
Adding 'Classic Leather Watch' to cart...
Item verified in cart: 1 x Classic Leather Watch
Removing item 10 from cart...
python : Traceback 
(most recent call 
last):
At line:1 char:1
+ python scripts/tes
t_cart_removal.py > 
test_output.txt 2>&1
+ ~~~~~~~~~~~~~~~~~~
~~~~~~~~~~~~~~~~~~~~
~~~~~~~~~~~~~~~~~~~~
    + CategoryInfo  
            : NotS  
  pecified: (Trac   
 eback (most rec    
ent call last):    
:String) [], Re    
moteException
    + FullyQualifie 
   dErrorId : Nati  
  veCommandError
 
  File "C:\Users\por
wa\AppData\Roaming\P
ython\Python314\site
-packages\django\con
trib\messages\api.py
", line 27, in 
add_message
    messages = 
request._messages
               
^^^^^^^^^^^^^^^^^
AttributeError: 
'WSGIRequest' 
object has no 
attribute 
'_messages'

During handling of 
the above 
exception, another 
exception occurred:

Traceback (most 
recent call last):
  File "C:\Users\por
wa\OneDrive\Desktop\
new\pepfeb2\scripts\
test_cart_removal.py
", line 61, in 
<module>
    
test_cart_removal()
    
~~~~~~~~~~~~~~~~~^^
  File "C:\Users\por
wa\OneDrive\Desktop\
new\pepfeb2\scripts\
test_cart_removal.py
", line 51, in 
test_cart_removal
    remove_from_cart
(remove_request, 
cart_item.id)
    ~~~~~~~~~~~~~~~~
^^^^^^^^^^^^^^^^^^^^
^^^^^^^^^^
  File "C:\Users\por
wa\OneDrive\Desktop\
new\pepfeb2\shop\vie
ws.py", line 53, in 
remove_from_cart
    messages.success
(request, 'Item 
removed from cart.')
    ~~~~~~~~~~~~~~~~
^^^^^^^^^^^^^^^^^^^^
^^^^^^^^^^^^^^^^
  File "C:\Users\por
wa\AppData\Roaming\P
ython\Python314\site
-packages\django\con
trib\messages\api.py
", line 99, in 
success
    add_message(
    ~~~~~~~~~~~^
        request,
        ^^^^^^^^
    ...<3 lines>...
        fail_silentl
y=fail_silently,
        ^^^^^^^^^^^^
^^^^^^^^^^^^^^^^
    )
    ^
  File "C:\Users\por
wa\AppData\Roaming\P
ython\Python314\site
-packages\django\con
trib\messages\api.py
", line 35, in 
add_message
    raise 
MessageFailure(
    ...<2 lines>...
    )
django.contrib.messa
ges.api.MessageFailu
re: You cannot add 
messages without 
installing django.co
ntrib.messages.middl
eware.MessageMiddlew
are
